// Jest Snapshot v1, https://goo.gl/fbAQLP

exports[`Test on Comics Should render component correctly 1`] = `
<div>
  <div
    class="comics"
  >
    <div
      class="comics-page__title"
    >
      <h1>
        Comics
      </h1>
    </div>
    <div
      class="comics-search"
    >
      <form>
        <h3
          class="comics-search__title"
        >
          Search your comic
        </h3>
        <div
          class="search"
        >
          <div
            class="search-header"
          >
            Title
          </div>
          <div
            class="search-value"
          >
            <input
              autocomplete="off"
              class="search-input"
              name="title"
              placeholder="Comic's title"
              type="text"
              value=""
            />
          </div>
          <div
            class="search-value"
          >
            <select
              class="search-value__select"
            >
              <option
                value=""
              >
                Select a format
              </option>
              <option
                value="comic"
              >
                Comic
              </option>
              <option
                value="magazine"
              >
                Magazine
              </option>
              <option
                value="trade paperback"
              >
                Trade Paperback
              </option>
              <option
                value="hardcover"
              >
                Hardcover
              </option>
              <option
                value="digest"
              >
                Digest
              </option>
              <option
                value="graphic novel"
              >
                Graphic Novel
              </option>
              <option
                value="digital comic"
              >
                Digital Comic
              </option>
              <option
                value="infinite comic"
              >
                Infinite Comic
              </option>
            </select>
          </div>
        </div>
      </form>
    </div>
    
    <div
      class="cards"
    >
      <div
        class="cards-content"
      />
    </div>
    <div
      class="pagination-options"
    >
      <div
        class="multi-button"
      />
    </div>
    <div
      class="current-pagination-page"
    >
      <p>
        <b>
          Page: 
        </b>
        1 / 4130
      </p>
    </div>
  </div>
</div>
`;
